  ✕ R2-01 pending verify: 'You're going' only — no View your pass, no Try again, no popup, stored QR in no rendered prop (697 ms)
  ✕ R2-02 fast double tap on Going + a second confirm tap while submitting (restore pending): one submit, and only the NEW server QR ever shows (121 ms)
  ✕ R2-03 remount mid-verify: the FIRST mount's late bound 200 never renders a QR on the second (still pending) mount (114 ms)
  ✕ R2-04 in-place navigation A→B while A's verify is pending: A's bound 200 lands on B — B (with its own pending restore) shows no pass (398 ms)
  ✕ R2-05 A→B→A while the first A verify is pending: the first answer cannot confirm the second A generation (51 ms)
  ✕ R2-08 network error → Try again (pending) → error → Try again → 200: never the stored QR; only the service QR after the 200 (298 ms)
  ✕ R2-09 double tap Try again with a stale handler: a superseded 200 never confirms, the latest network error wins (170 ms)
  ✕ R2-12 service answer with no entityType → unconfirmed, and never a QR (38 ms)
  ✕ R2-12 service answer with no entityId → unconfirmed, and never a QR (156 ms)
  ✕ R2-12 service answer with no eventId (edge function not yet deployed) → unconfirmed, and never a QR (137 ms)
  ✕ R2-12 service answer with empty qrCode → unconfirmed, and never a QR (66 ms)
  ✕ R2-12 service answer with null qrCode → unconfirmed, and never a QR (62 ms)
  ✕ R2-12 service answer with numeric qrCode → unconfirmed, and never a QR (36 ms)
  ✕ R2-12 service answer with no qrCode → unconfirmed, and never a QR (118 ms)
  ✕ R2-12 service answer with null answer → unconfirmed, and never a QR (411 ms)
  ✕ R2-12 service answer with string answer → unconfirmed, and never a QR (196 ms)
  ✕ R2-12 service answer with empty object → unconfirmed, and never a QR (22 ms)
  ✕ NIT-1 whitespace-only qrCode from the service is not rendered as a pass (122 ms)
  ✕ FINDING-1 signed-in chip-in return: the invite's live 'Going' re-submits an RSVP the guest already has (151 ms)
Tests:       19 failed, 15 passed, 34 total
