
Running 18 tests using 1 worker

  ✓   1 [mobile-chromium] › playwright/issue3416-retest/rsvp-public-page.retest.spec.ts:88:5 › R1 countdown pill says 'Starts in 11 days', never 'Not on sale yet' (2.4s)
  ✓   2 [mobile-chromium] › playwright/issue3416-retest/rsvp-public-page.retest.spec.ts:95:5 › R2 Going with empty fields scrolls to and focuses the first missing field, marks it, shows the hint (3.8s)
{"R3_transient":{"samples":84,"doubledSamples":0}}
  ✓   3 [mobile-chromium] › playwright/issue3416-retest/rsvp-public-page.retest.spec.ts:121:5 › R3 phone: floating bar only after the inline row scrolls away, never both, never over the last content (1.0m)
  ✓   4 [mobile-chromium] › playwright/issue3416-retest/rsvp-public-page.retest.spec.ts:180:7 › desktop 1440x900 › R3-desktop no floating bar at any scroll position; Going blocked tap focuses first field (9.7s)
  ✓   5 [mobile-chromium] › playwright/issue3416-retest/rsvp-public-page.retest.spec.ts:196:5 › R4 Going → chip-in redirect (fake hosted checkout) → return restores 'You're going' + pass, verified with the service (3.7s)
{"R5":{"pendingSamplesWithoutPass":31}}
  ✓   6 [mobile-chromium] › playwright/issue3416-retest/rsvp-public-page.retest.spec.ts:228:5 › R5 D1: while a slow check (then 409) is in flight: 'You're going' only — no 'View your pass', no QR, no retry; then the 409 withdraws the reply (11.4s)
  ✓   7 [mobile-chromium] › playwright/issue3416-retest/rsvp-public-page.retest.spec.ts:249:5 › R6 denied (403) is not restored, on this load or the next (6.1s)
  ✓   8 [mobile-chromium] › playwright/issue3416-retest/rsvp-public-page.retest.spec.ts:269:5 › R7 in-app event switch A→B while A's check is pending: no A reply/pass on B; B stays an invite after A's late denial (11.3s)
  ✓   9 [mobile-chromium] › playwright/issue3416-retest/rsvp-public-page.retest.spec.ts:324:5 › R8 signed-in A replies Going, signs out in another tab, B signs in: A's pass never shows (mounted or after reload) (7.4s)
  ✓  10 [mobile-chromium] › playwright/issue3416-retest/rsvp-public-page.retest.spec.ts:361:5 › R9 spoofed ?contribution=paid on a fresh tab restores no reply and no pass (3.4s)
{"R10":{"returnBannerVisible":false,"labelOnReturn":"Going","confirmVisible":true,"submitCalls":2,"secondSubmitBody":"{\"eventId\":\"00000000-0000-4000-8000-00000000000a\",\"rsvpStatus\":\"going\",\"guestName\":\"\",\"guestEmail\":\"\",\"guestPhone\":\"\",\"guestPhoneCountryIso\":null,\"plusCount\":0,\"guests\":[]}"}}
  ✓  11 [mobile-chromium] › playwright/issue3416-retest/rsvp-public-page.retest.spec.ts:371:5 › R10 D2: signed-in guest → chip-in → return: invite (no restore, no pass, no check); FINDING-1 its live Going re-submits (8.1s)
  ✓  12 [mobile-chromium] › playwright/issue3416-retest/rsvp-public-page.retest.spec.ts:411:5 › R11 D1: network error → notice + Try again, no pass; Try again while still offline → still no pass; service back → Try again → pass (5.8s)
  ✓  13 [mobile-chromium] › playwright/issue3416-retest/rsvp-public-page.retest.spec.ts:439:5 › R12 a second, separately opened tab never sees the first tab's reply (4.8s)
{"R13":{"samples":49}}
  ✓  14 [mobile-chromium] › playwright/issue3416-retest/rsvp-public-page.retest.spec.ts:454:5 › R13 D1: a check that never answers — 'You're going' only, no 'View your pass', no QR, no retry, for 8 s (11.3s)
  ✓  15 [mobile-chromium] › playwright/issue3416-retest/rsvp-public-page.retest.spec.ts:471:5 › R14 D4: the service answers for a DIFFERENT eventId — no pass, denial notice, stored reply removed (5.8s)
  ✓  16 [mobile-chromium] › playwright/issue3416-retest/rsvp-public-page.retest.spec.ts:490:5 › R15 D4: the pre-#3416 service (no eventId) — reply kept, no pass, retry offered (deploy-order behaviour) (6.4s)
{"R16":{"checksFromDoubleClick":1}}
  ✓  17 [mobile-chromium] › playwright/issue3416-retest/rsvp-public-page.retest.spec.ts:507:5 › R16 D1: double-click Try again during a slow check — no pass until the answer, then exactly the service pass (7.8s)
  ✓  18 [mobile-chromium] › playwright/issue3416-retest/rsvp-public-page.retest.spec.ts:528:5 › R17 reload mid-check (slow 200 then reload): the new page shows no pass until ITS OWN answer (10.2s)

  18 passed (3.1m)
EXIT=0
